\BOOKMARK [0][-]{chapter.1}{\376\377\175\322\212\326}{}% 1
\BOOKMARK [1][-]{section.1.1}{\376\377\170\024\172\166\200\314\146\157\202\007\122\325\152\137}{chapter.1}% 2
\BOOKMARK [1][-]{section.1.2}{\376\377\125\117\230\114\226\163\217\360}{chapter.1}% 3
\BOOKMARK [1][-]{section.1.3}{\376\377\170\024\172\166\166\356\166\204\202\007\214\242\163\173}{chapter.1}% 4
\BOOKMARK [1][-]{section.1.4}{\376\377\170\024\172\166\173\304\127\015\202\007\226\120\122\066}{chapter.1}% 5
\BOOKMARK [1][-]{section.1.5}{\376\377\212\326\145\207\175\104\176\124}{chapter.1}% 6
\BOOKMARK [0][-]{chapter.2}{\376\377\145\207\163\173\143\242\212\016\202\007\166\370\225\334\170\024\172\166}{}% 7
\BOOKMARK [1][-]{section.2.1}{\376\377\216\312\200\157\175\262\202\007\000\040\000T\000-\000B\000o\000x\000\040\214\307\133\211\147\266\151\313}{chapter.2}% 8
\BOOKMARK [1][-]{section.2.2}{\376\377\216\312\217\033\175\262\215\357\133\211\121\150\154\325\211\217\202\007\152\031\156\226}{chapter.2}% 9
\BOOKMARK [1][-]{section.2.3}{\376\377\000I\000E\000E\000E\000\040\0008\0000\0002\000.\0001\0001\000\040\133\211\121\150\152\137\122\066}{chapter.2}% 10
\BOOKMARK [1][-]{section.2.4}{\376\377\161\041\175\332\175\262\215\357\145\073\144\312\142\113\154\325\122\006\147\220}{chapter.2}% 11
\BOOKMARK [1][-]{section.2.5}{\376\377\163\376\147\011\216\312\217\011\214\307\133\211\156\054\212\146\202\007\226\062\213\167\142\200\210\123\116\113\117\267\226\120}{chapter.2}% 12
\BOOKMARK [1][-]{section.2.6}{\376\377\166\370\225\334\135\345\121\167\202\007\142\200\210\123\127\372\171\016}{chapter.2}% 13
\BOOKMARK [0][-]{chapter.3}{\376\377\132\001\201\005\136\372\152\041\202\007\174\373\175\161\147\266\151\313}{}% 14
\BOOKMARK [1][-]{section.3.1}{\376\377\156\054\212\146\166\356\152\031\202\007\164\260\130\203\133\232\177\251}{chapter.3}% 15
\BOOKMARK [1][-]{section.3.2}{\376\377\132\001\201\005\152\041\127\213}{chapter.3}% 16
\BOOKMARK [2][-]{subsection.3.2.1}{\376\377\000A\000P\000\040\152\041\137\017\116\113\145\073\144\312\227\142}{section.3.2}% 17
\BOOKMARK [2][-]{subsection.3.2.2}{\376\377\000C\000l\000i\000e\000n\000t\377\017\000S\000t\000a\000t\000i\000o\000n\000\040\152\041\137\017\116\113\145\073\144\312\227\142}{section.3.2}% 18
\BOOKMARK [1][-]{section.3.3}{\376\377\156\054\212\146\136\163\123\360\202\007\000\040\000W\000I\000D\000S\000\040\174\373\175\161\147\266\151\313\212\055\212\010}{chapter.3}% 19
\BOOKMARK [2][-]{subsection.3.3.1}{\376\377\174\373\175\161\145\164\232\324\147\266\151\313}{section.3.3}% 20
\BOOKMARK [2][-]{subsection.3.3.2}{\376\377\152\041\175\104\123\026\212\055\212\010\164\006\137\365}{section.3.3}% 21
\BOOKMARK [2][-]{subsection.3.3.3}{\376\377\000A\000P\377\017\000C\000l\000i\000e\000n\000t\000\040\226\331\152\041\137\017\156\054\212\146\155\101\172\013}{section.3.3}% 22
\BOOKMARK [0][-]{chapter.4}{\376\377\170\024\172\166\145\271\154\325\202\007\150\070\137\303\133\346\117\134}{}% 23
\BOOKMARK [1][-]{section.4.1}{\376\377\117\177\165\050\140\305\130\203\202\007\211\322\202\162}{chapter.4}% 24
\BOOKMARK [1][-]{section.4.2}{\376\377\122\237\200\375\227\000\154\102}{chapter.4}% 25
\BOOKMARK [1][-]{section.4.3}{\376\377\225\213\166\174\164\260\130\203\202\007\174\373\175\161\142\200\210\123\150\347}{chapter.4}% 26
\BOOKMARK [1][-]{section.4.4}{\376\377\201\352\122\325\123\026\124\010\211\217\202\007\175\104\141\113\152\242\156\054\133\346\117\134}{chapter.4}% 27
\BOOKMARK [1][-]{section.4.5}{\376\377\116\073\122\325\145\073\144\312\152\041\144\354\201\163\147\054\133\346\117\134}{chapter.4}% 28
\BOOKMARK [1][-]{section.4.6}{\376\377\161\041\175\332\121\145\117\265\120\165\156\054\152\041\175\104\377\010\000W\000I\000D\000S\377\011\225\213\166\174}{chapter.4}% 29
\BOOKMARK [1][-]{section.4.7}{\376\377\172\075\150\070\175\000\223\004\202\007\123\163\146\102\220\032\212\012}{chapter.4}% 30
\BOOKMARK [1][-]{section.4.8}{\376\377\123\357\211\226\123\026\156\054\212\146\136\163\123\360\116\313\227\142\212\055\212\010}{chapter.4}% 31
\BOOKMARK [1][-]{section.4.9}{\376\377\133\211\121\150\202\007\230\250\226\252\143\247\122\066}{chapter.4}% 32
\BOOKMARK [0][-]{chapter.5}{\376\377\133\346\232\127\212\055\212\010\202\007\142\020\145\110\212\125\117\060}{}% 33
\BOOKMARK [1][-]{section.5.1}{\376\377\133\346\232\127\164\260\130\203\202\007\212\055\120\231\136\372\177\156}{chapter.5}% 34
\BOOKMARK [1][-]{section.5.2}{\376\377\133\346\232\127\140\305\130\203\212\055\212\010}{chapter.5}% 35
\BOOKMARK [2][-]{subsection.5.2.1}{\376\377\140\305\130\203\116\000\377\032\000A\000P\000\040\152\041\137\017\116\013\166\204\124\010\211\217\140\047\226\062\213\167\130\323\122\233\156\054\212\146}{section.5.2}% 36
\BOOKMARK [2][-]{subsection.5.2.2}{\376\377\140\305\130\203\116\214\377\032\000C\000l\000i\000e\000n\000t\000\040\152\041\137\017\116\013\166\204\122\325\141\113\212\230\232\031\202\007\226\073\145\267\145\073\144\312\156\054\212\146}{section.5.2}% 37
\BOOKMARK [2][-]{subsection.5.2.3}{\376\377\133\346\232\127\150\110\117\213\202\007\211\300\156\054\143\007\152\031}{section.5.2}% 38
\BOOKMARK [1][-]{section.5.3}{\376\377\212\125\117\060\143\007\152\031}{chapter.5}% 39
\BOOKMARK [1][-]{section.5.4}{\376\377\133\346\232\127\175\120\147\234\202\007\122\006\147\220}{chapter.5}% 40
\BOOKMARK [0][-]{chapter.6}{\376\377\212\016\212\326}{}% 41
\BOOKMARK [1][-]{section.6.1}{\376\377\170\024\172\166\142\020\147\234\134\015\000\040\000U\000N\000\040\000R\0001\0005\0005\000\040\124\010\211\217\140\047\116\113\214\242\163\173}{chapter.6}% 42
\BOOKMARK [1][-]{section.6.2}{\376\377\170\024\172\166\142\020\147\234\202\007\227\000\154\102\134\015\161\147}{chapter.6}% 43
\BOOKMARK [1][-]{section.6.3}{\376\377\156\054\212\146\150\106\147\266\116\113\117\267\226\120\140\047\202\007\143\021\142\060}{chapter.6}% 44
\BOOKMARK [1][-]{section.6.4}{\376\377\124\010\211\217\202\007\133\346\122\331\141\311\165\050\141\017\177\251}{chapter.6}% 45
\BOOKMARK [0][-]{chapter.7}{\376\377\175\120\212\326\202\007\147\052\117\206\135\345\117\134}{}% 46
\BOOKMARK [1][-]{section.7.1}{\376\377\170\024\172\166\176\075\175\120}{chapter.7}% 47
\BOOKMARK [1][-]{section.7.2}{\376\377\147\052\117\206\135\345\117\134}{chapter.7}% 48
\BOOKMARK [0][-]{appendix.A}{\376\377\000A\000P\000I\000\040\202\007\145\345\212\214\153\004\117\115}{}% 49
\BOOKMARK [1][-]{section.A.1}{\376\377\000R\000E\000S\000T\000\040\000A\000P\000I\000\040\116\000\211\275}{appendix.A}% 50
\BOOKMARK [1][-]{section.A.2}{\376\377\000S\000o\000c\000k\000e\000t\000.\000I\000O\000\040\116\213\116\366}{appendix.A}% 51
\BOOKMARK [1][-]{section.A.3}{\376\377\000J\000S\000O\000N\000L\000\040\172\075\150\070\175\000\223\004\153\004\117\115\133\232\177\251}{appendix.A}% 52
